// Jest Snapshot v1, https://goo.gl/fbAQLP

exports[`App shows the correct screen after school 1`] = `
<div
  className="App"
>
  <a
    className="cornerNavButton cornerNavLeft smallIcon"
    onClick={[Function]}
    style={
      Object {
        "cursor": "pointer",
      }
    }
  >
    <svg
      aria-hidden="true"
      className="svg-inline--fa fa-cog fa-w-16 "
      data-icon="cog"
      data-prefix="fas"
      focusable="false"
      role="img"
      style={Object {}}
      viewBox="0 0 512 512"
      xmlns="http://www.w3.org/2000/svg"
    >
      <path
        d="M487.4 315.7l-42.6-24.6c4.3-23.2 4.3-47 0-70.2l42.6-24.6c4.9-2.8 7.1-8.6 5.5-14-11.1-35.6-30-67.8-54.7-94.6-3.8-4.1-10-5.1-14.8-2.3L380.8 110c-17.9-15.4-38.5-27.3-60.8-35.1V25.8c0-5.6-3.9-10.5-9.4-11.7-36.7-8.2-74.3-7.8-109.2 0-5.5 1.2-9.4 6.1-9.4 11.7V75c-22.2 7.9-42.8 19.8-60.8 35.1L88.7 85.5c-4.9-2.8-11-1.9-14.8 2.3-24.7 26.7-43.6 58.9-54.7 94.6-1.7 5.4.6 11.2 5.5 14L67.3 221c-4.3 23.2-4.3 47 0 70.2l-42.6 24.6c-4.9 2.8-7.1 8.6-5.5 14 11.1 35.6 30 67.8 54.7 94.6 3.8 4.1 10 5.1 14.8 2.3l42.6-24.6c17.9 15.4 38.5 27.3 60.8 35.1v49.2c0 5.6 3.9 10.5 9.4 11.7 36.7 8.2 74.3 7.8 109.2 0 5.5-1.2 9.4-6.1 9.4-11.7v-49.2c22.2-7.9 42.8-19.8 60.8-35.1l42.6 24.6c4.9 2.8 11 1.9 14.8-2.3 24.7-26.7 43.6-58.9 54.7-94.6 1.5-5.5-.7-11.3-5.6-14.1zM256 336c-44.1 0-80-35.9-80-80s35.9-80 80-80 80 35.9 80 80-35.9 80-80 80z"
        fill="currentColor"
        style={Object {}}
      />
    </svg>
  </a>
  <br />
  <div
    className="infoBlock"
  >
    <p>
      It is currently: 
    </p>
    <p
      className="timeFont"
      style={
        Object {
          "fontSize": "40px",
        }
      }
    >
      05:00:50
    </p>
    <p>
      on
       
      <b>
        Sunday, Jul 28, 2019
      </b>
    </p>
  </div>
  <div
    className="infoBlock"
  >
    <p>
      Today is a
       
      <a
        id="viewScheduleLink"
        onClick={[Function]}
        style={
          Object {
            "cursor": "pointer",
          }
        }
      >
        Regular Schedule
      </a>
    </p>
  </div>
  <div
    className="infoBlock"
  >
    <p>
      You are currently in: 
    </p>
    <p
      className="timeFont"
      style={
        Object {
          "fontSize": "30px",
        }
      }
    >
      <b>
        Transition Time
      </b>
    </p>
  </div>
  <div
    className="infoBlock"
  >
    <p>
      ...which ends in:
    </p>
    <p
      className="timeFont"
      style={
        Object {
          "fontSize": "60px",
        }
      }
    >
      <b>
        03:24:10
      </b>
    </p>
    <p>
      Your next class period is: 
    </p>
    <p
      className="timeFont"
      style={
        Object {
          "fontSize": "30px",
        }
      }
    >
      <b>
        First Period
      </b>
    </p>
  </div>
</div>
`;

exports[`App shows the correct screen before school hours 1`] = `
<div
  className="App"
>
  <a
    className="cornerNavButton cornerNavLeft smallIcon"
    onClick={[Function]}
    style={
      Object {
        "cursor": "pointer",
      }
    }
  >
    <svg
      aria-hidden="true"
      className="svg-inline--fa fa-cog fa-w-16 "
      data-icon="cog"
      data-prefix="fas"
      focusable="false"
      role="img"
      style={Object {}}
      viewBox="0 0 512 512"
      xmlns="http://www.w3.org/2000/svg"
    >
      <path
        d="M487.4 315.7l-42.6-24.6c4.3-23.2 4.3-47 0-70.2l42.6-24.6c4.9-2.8 7.1-8.6 5.5-14-11.1-35.6-30-67.8-54.7-94.6-3.8-4.1-10-5.1-14.8-2.3L380.8 110c-17.9-15.4-38.5-27.3-60.8-35.1V25.8c0-5.6-3.9-10.5-9.4-11.7-36.7-8.2-74.3-7.8-109.2 0-5.5 1.2-9.4 6.1-9.4 11.7V75c-22.2 7.9-42.8 19.8-60.8 35.1L88.7 85.5c-4.9-2.8-11-1.9-14.8 2.3-24.7 26.7-43.6 58.9-54.7 94.6-1.7 5.4.6 11.2 5.5 14L67.3 221c-4.3 23.2-4.3 47 0 70.2l-42.6 24.6c-4.9 2.8-7.1 8.6-5.5 14 11.1 35.6 30 67.8 54.7 94.6 3.8 4.1 10 5.1 14.8 2.3l42.6-24.6c17.9 15.4 38.5 27.3 60.8 35.1v49.2c0 5.6 3.9 10.5 9.4 11.7 36.7 8.2 74.3 7.8 109.2 0 5.5-1.2 9.4-6.1 9.4-11.7v-49.2c22.2-7.9 42.8-19.8 60.8-35.1l42.6 24.6c4.9 2.8 11 1.9 14.8-2.3 24.7-26.7 43.6-58.9 54.7-94.6 1.5-5.5-.7-11.3-5.6-14.1zM256 336c-44.1 0-80-35.9-80-80s35.9-80 80-80 80 35.9 80 80-35.9 80-80 80z"
        fill="currentColor"
        style={Object {}}
      />
    </svg>
  </a>
  <br />
  <div
    className="infoBlock"
  >
    <p>
      It is currently: 
    </p>
    <p
      className="timeFont"
      style={
        Object {
          "fontSize": "40px",
        }
      }
    >
      01:00:00
    </p>
    <p>
      on
       
      <b>
        Sunday, Jul 28, 2019
      </b>
    </p>
  </div>
  <div
    className="infoBlock"
  >
    <p>
      Today is a
       
      <a
        id="viewScheduleLink"
        onClick={[Function]}
        style={
          Object {
            "cursor": "pointer",
          }
        }
      >
        Regular Schedule
      </a>
    </p>
  </div>
  <div
    className="infoBlock"
  >
    <p>
      You are currently in: 
    </p>
    <p
      className="timeFont"
      style={
        Object {
          "fontSize": "30px",
        }
      }
    >
      <b>
        Transition Time
      </b>
    </p>
  </div>
  <div
    className="infoBlock"
  >
    <p>
      ...which ends in:
    </p>
    <p
      className="timeFont"
      style={
        Object {
          "fontSize": "60px",
        }
      }
    >
      <b>
        07:25:00
      </b>
    </p>
    <p>
      Your next class period is: 
    </p>
    <p
      className="timeFont"
      style={
        Object {
          "fontSize": "30px",
        }
      }
    >
      <b>
        First Period
      </b>
    </p>
  </div>
</div>
`;

exports[`App shows the correct screen between class 1`] = `
<div
  className="App"
>
  <a
    className="cornerNavButton cornerNavLeft smallIcon"
    onClick={[Function]}
    style={
      Object {
        "cursor": "pointer",
      }
    }
  >
    <svg
      aria-hidden="true"
      className="svg-inline--fa fa-cog fa-w-16 "
      data-icon="cog"
      data-prefix="fas"
      focusable="false"
      role="img"
      style={Object {}}
      viewBox="0 0 512 512"
      xmlns="http://www.w3.org/2000/svg"
    >
      <path
        d="M487.4 315.7l-42.6-24.6c4.3-23.2 4.3-47 0-70.2l42.6-24.6c4.9-2.8 7.1-8.6 5.5-14-11.1-35.6-30-67.8-54.7-94.6-3.8-4.1-10-5.1-14.8-2.3L380.8 110c-17.9-15.4-38.5-27.3-60.8-35.1V25.8c0-5.6-3.9-10.5-9.4-11.7-36.7-8.2-74.3-7.8-109.2 0-5.5 1.2-9.4 6.1-9.4 11.7V75c-22.2 7.9-42.8 19.8-60.8 35.1L88.7 85.5c-4.9-2.8-11-1.9-14.8 2.3-24.7 26.7-43.6 58.9-54.7 94.6-1.7 5.4.6 11.2 5.5 14L67.3 221c-4.3 23.2-4.3 47 0 70.2l-42.6 24.6c-4.9 2.8-7.1 8.6-5.5 14 11.1 35.6 30 67.8 54.7 94.6 3.8 4.1 10 5.1 14.8 2.3l42.6-24.6c17.9 15.4 38.5 27.3 60.8 35.1v49.2c0 5.6 3.9 10.5 9.4 11.7 36.7 8.2 74.3 7.8 109.2 0 5.5-1.2 9.4-6.1 9.4-11.7v-49.2c22.2-7.9 42.8-19.8 60.8-35.1l42.6 24.6c4.9 2.8 11 1.9 14.8-2.3 24.7-26.7 43.6-58.9 54.7-94.6 1.5-5.5-.7-11.3-5.6-14.1zM256 336c-44.1 0-80-35.9-80-80s35.9-80 80-80 80 35.9 80 80-35.9 80-80 80z"
        fill="currentColor"
        style={Object {}}
      />
    </svg>
  </a>
  <br />
  <div
    className="infoBlock"
  >
    <p>
      It is currently: 
    </p>
    <p
      className="timeFont"
      style={
        Object {
          "fontSize": "40px",
        }
      }
    >
      03:00:50
    </p>
    <p>
      on
       
      <b>
        Sunday, Jul 28, 2019
      </b>
    </p>
  </div>
  <div
    className="infoBlock"
  >
    <p>
      Today is a
       
      <a
        id="viewScheduleLink"
        onClick={[Function]}
        style={
          Object {
            "cursor": "pointer",
          }
        }
      >
        Regular Schedule
      </a>
    </p>
  </div>
  <div
    className="infoBlock"
  >
    <p>
      You are currently in: 
    </p>
    <p
      className="timeFont"
      style={
        Object {
          "fontSize": "30px",
        }
      }
    >
      <b>
        Transition Time
      </b>
    </p>
  </div>
  <div
    className="infoBlock"
  >
    <p>
      ...which ends in:
    </p>
    <p
      className="timeFont"
      style={
        Object {
          "fontSize": "60px",
        }
      }
    >
      <b>
        05:24:10
      </b>
    </p>
    <p>
      Your next class period is: 
    </p>
    <p
      className="timeFont"
      style={
        Object {
          "fontSize": "30px",
        }
      }
    >
      <b>
        First Period
      </b>
    </p>
  </div>
</div>
`;

exports[`App shows the correct screen on no school days 1`] = `
<div
  className="App"
>
  <a
    className="cornerNavButton cornerNavLeft smallIcon"
    onClick={[Function]}
    style={
      Object {
        "cursor": "pointer",
      }
    }
  >
    <svg
      aria-hidden="true"
      className="svg-inline--fa fa-cog fa-w-16 "
      data-icon="cog"
      data-prefix="fas"
      focusable="false"
      role="img"
      style={Object {}}
      viewBox="0 0 512 512"
      xmlns="http://www.w3.org/2000/svg"
    >
      <path
        d="M487.4 315.7l-42.6-24.6c4.3-23.2 4.3-47 0-70.2l42.6-24.6c4.9-2.8 7.1-8.6 5.5-14-11.1-35.6-30-67.8-54.7-94.6-3.8-4.1-10-5.1-14.8-2.3L380.8 110c-17.9-15.4-38.5-27.3-60.8-35.1V25.8c0-5.6-3.9-10.5-9.4-11.7-36.7-8.2-74.3-7.8-109.2 0-5.5 1.2-9.4 6.1-9.4 11.7V75c-22.2 7.9-42.8 19.8-60.8 35.1L88.7 85.5c-4.9-2.8-11-1.9-14.8 2.3-24.7 26.7-43.6 58.9-54.7 94.6-1.7 5.4.6 11.2 5.5 14L67.3 221c-4.3 23.2-4.3 47 0 70.2l-42.6 24.6c-4.9 2.8-7.1 8.6-5.5 14 11.1 35.6 30 67.8 54.7 94.6 3.8 4.1 10 5.1 14.8 2.3l42.6-24.6c17.9 15.4 38.5 27.3 60.8 35.1v49.2c0 5.6 3.9 10.5 9.4 11.7 36.7 8.2 74.3 7.8 109.2 0 5.5-1.2 9.4-6.1 9.4-11.7v-49.2c22.2-7.9 42.8-19.8 60.8-35.1l42.6 24.6c4.9 2.8 11 1.9 14.8-2.3 24.7-26.7 43.6-58.9 54.7-94.6 1.5-5.5-.7-11.3-5.6-14.1zM256 336c-44.1 0-80-35.9-80-80s35.9-80 80-80 80 35.9 80 80-35.9 80-80 80z"
        fill="currentColor"
        style={Object {}}
      />
    </svg>
  </a>
  <br />
  <div
    className="infoBlock"
  >
    <p>
      It is currently: 
    </p>
    <p
      className="timeFont"
      style={
        Object {
          "fontSize": "40px",
        }
      }
    >
      00:37:50
    </p>
    <p>
      on
       
      <b>
        Saturday, Jul 27, 2019
      </b>
    </p>
  </div>
  <p>
    No School Today
  </p>
</div>
`;

exports[`App shows the correct screen when class is in session 1`] = `
<div
  className="App"
>
  <a
    className="cornerNavButton cornerNavLeft smallIcon"
    onClick={[Function]}
    style={
      Object {
        "cursor": "pointer",
      }
    }
  >
    <svg
      aria-hidden="true"
      className="svg-inline--fa fa-cog fa-w-16 "
      data-icon="cog"
      data-prefix="fas"
      focusable="false"
      role="img"
      style={Object {}}
      viewBox="0 0 512 512"
      xmlns="http://www.w3.org/2000/svg"
    >
      <path
        d="M487.4 315.7l-42.6-24.6c4.3-23.2 4.3-47 0-70.2l42.6-24.6c4.9-2.8 7.1-8.6 5.5-14-11.1-35.6-30-67.8-54.7-94.6-3.8-4.1-10-5.1-14.8-2.3L380.8 110c-17.9-15.4-38.5-27.3-60.8-35.1V25.8c0-5.6-3.9-10.5-9.4-11.7-36.7-8.2-74.3-7.8-109.2 0-5.5 1.2-9.4 6.1-9.4 11.7V75c-22.2 7.9-42.8 19.8-60.8 35.1L88.7 85.5c-4.9-2.8-11-1.9-14.8 2.3-24.7 26.7-43.6 58.9-54.7 94.6-1.7 5.4.6 11.2 5.5 14L67.3 221c-4.3 23.2-4.3 47 0 70.2l-42.6 24.6c-4.9 2.8-7.1 8.6-5.5 14 11.1 35.6 30 67.8 54.7 94.6 3.8 4.1 10 5.1 14.8 2.3l42.6-24.6c17.9 15.4 38.5 27.3 60.8 35.1v49.2c0 5.6 3.9 10.5 9.4 11.7 36.7 8.2 74.3 7.8 109.2 0 5.5-1.2 9.4-6.1 9.4-11.7v-49.2c22.2-7.9 42.8-19.8 60.8-35.1l42.6 24.6c4.9 2.8 11 1.9 14.8-2.3 24.7-26.7 43.6-58.9 54.7-94.6 1.5-5.5-.7-11.3-5.6-14.1zM256 336c-44.1 0-80-35.9-80-80s35.9-80 80-80 80 35.9 80 80-35.9 80-80 80z"
        fill="currentColor"
        style={Object {}}
      />
    </svg>
  </a>
  <br />
  <div
    className="infoBlock"
  >
    <p>
      It is currently: 
    </p>
    <p
      className="timeFont"
      style={
        Object {
          "fontSize": "40px",
        }
      }
    >
      02:00:50
    </p>
    <p>
      on
       
      <b>
        Sunday, Jul 28, 2019
      </b>
    </p>
  </div>
  <div
    className="infoBlock"
  >
    <p>
      Today is a
       
      <a
        id="viewScheduleLink"
        onClick={[Function]}
        style={
          Object {
            "cursor": "pointer",
          }
        }
      >
        Regular Schedule
      </a>
    </p>
  </div>
  <div
    className="infoBlock"
  >
    <p>
      You are currently in: 
    </p>
    <p
      className="timeFont"
      style={
        Object {
          "fontSize": "30px",
        }
      }
    >
      <b>
        Transition Time
      </b>
    </p>
  </div>
  <div
    className="infoBlock"
  >
    <p>
      ...which ends in:
    </p>
    <p
      className="timeFont"
      style={
        Object {
          "fontSize": "60px",
        }
      }
    >
      <b>
        06:24:10
      </b>
    </p>
    <p>
      Your next class period is: 
    </p>
    <p
      className="timeFont"
      style={
        Object {
          "fontSize": "30px",
        }
      }
    >
      <b>
        First Period
      </b>
    </p>
  </div>
</div>
`;
