// Jest Snapshot v1, https://goo.gl/fbAQLP

exports[`Link Component renders correctly with a function 1`] = `
<a
  onClick={[Function]}
/>
`;

exports[`Link Component renders correctly with a static link 1`] = `
<a
  href="https://classclock.app"
/>
`;
