// Jest Snapshot v1, https://goo.gl/fbAQLP

exports[`Block Component renders correctly 1`] = `
<div
  className="infoBlock"
/>
`;
